   1               		.file	"MedCon.c"
   2               	__SREG__ = 0x3f
   3               	__SP_H__ = 0x3e
   4               	__SP_L__ = 0x3d
   5               	__CCP__  = 0x34
   6               	__tmp_reg__ = 0
   7               	__zero_reg__ = 1
  15               	.Ltext0:
  16               		.data
  17               	.LC0:
  18 0000 0D0A 0A0A 		.string	"\r\n\n\nHello World\r\n"
  18      4865 6C6C 
  18      6F20 576F 
  18      726C 640D 
  18      0A00 
  19               	.LC1:
  20 0012 0D0A 0A0A 		.string	"\r\n\n\nThe quick brown fox jumped over the lazy dog.\r\n"
  20      5468 6520 
  20      7175 6963 
  20      6B20 6272 
  20      6F77 6E20 
  21               		.text
  22               	.global	main
  24               	main:
  25               	.LFB6:
  26               	.LM1:
  27               	/* prologue: function */
  28               	/* frame size = 0 */
  29               	.LM2:
  30 0000 0E94 0000 		call initClock
  31               	.LM3:
  32 0004 0E94 0000 		call initUSART
  33               	.LM4:
  34 0008 80E0      		ldi r24,lo8(.LC0)
  35 000a 90E0      		ldi r25,hi8(.LC0)
  36 000c 0E94 0000 		call printString
  37               	.LM5:
  38 0010 80E0      		ldi r24,lo8(.LC1)
  39 0012 90E0      		ldi r25,hi8(.LC1)
  40 0014 0E94 0000 		call printString
  41               	.LM6:
  42               	/* #APP */
  43               	 ;  12 "MedCon.c" 1
  44 0018 7894      		sei
  45               	 ;  0 "" 2
  46               	/* #NOAPP */
  47               	.L2:
  48 001a 00C0      		rjmp .L2
  49               	.LFE6:
  75               	.Letext0:
DEFINED SYMBOLS
                            *ABS*:00000000 MedCon.c
C:\Users\Jadonis\AppData\Local\Temp/ccyREAsm.s:2      *ABS*:0000003f __SREG__
C:\Users\Jadonis\AppData\Local\Temp/ccyREAsm.s:3      *ABS*:0000003e __SP_H__
C:\Users\Jadonis\AppData\Local\Temp/ccyREAsm.s:4      *ABS*:0000003d __SP_L__
C:\Users\Jadonis\AppData\Local\Temp/ccyREAsm.s:5      *ABS*:00000034 __CCP__
C:\Users\Jadonis\AppData\Local\Temp/ccyREAsm.s:6      *ABS*:00000000 __tmp_reg__
C:\Users\Jadonis\AppData\Local\Temp/ccyREAsm.s:7      *ABS*:00000001 __zero_reg__
C:\Users\Jadonis\AppData\Local\Temp/ccyREAsm.s:24     .text:00000000 main

UNDEFINED SYMBOLS
initClock
initUSART
printString
__do_copy_data
