   1               		.file	"MedCon_Support.c"
   2               	__SREG__ = 0x3f
   3               	__SP_H__ = 0x3e
   4               	__SP_L__ = 0x3d
   5               	__CCP__  = 0x34
   6               	__tmp_reg__ = 0
   7               	__zero_reg__ = 1
  15               	.Ltext0:
  16               	.global	initClock
  18               	initClock:
  19               	.LFB7:
  20               	.LM1:
  21               	/* prologue: function */
  22               	/* frame size = 0 */
  23               	.LM2:
  24 0000 E1E6      		ldi r30,lo8(97)
  25 0002 F0E0      		ldi r31,hi8(97)
  26 0004 80E8      		ldi r24,lo8(-128)
  27 0006 8083      		st Z,r24
  28               	.LM3:
  29 0008 1082      		st Z,__zero_reg__
  30               	/* epilogue start */
  31               	.LM4:
  32 000a 0895      		ret
  33               	.LFE7:
  35               		.data
  36               	.LC0:
  37 0000 204F 7563 		.string	" Ouch!\r\n"
  37      6821 0D0A 
  37      00
  38               		.text
  39               	.global	__vector_18
  41               	__vector_18:
  42               	.LFB6:
  43               	.LM5:
  44 000c 1F92      		push __zero_reg__
  45 000e 0F92      		push r0
  46 0010 0FB6      		in r0,__SREG__
  47 0012 0F92      		push r0
  48 0014 1124      		clr __zero_reg__
  49 0016 2F93      		push r18
  50 0018 3F93      		push r19
  51 001a 4F93      		push r20
  52 001c 5F93      		push r21
  53 001e 6F93      		push r22
  54 0020 7F93      		push r23
  55 0022 8F93      		push r24
  56 0024 9F93      		push r25
  57 0026 AF93      		push r26
  58 0028 BF93      		push r27
  59 002a EF93      		push r30
  60 002c FF93      		push r31
  61               	/* prologue: Signal */
  62               	/* frame size = 0 */
  63               	.LM6:
  64 002e 0E94 0000 		call receiveByte
  65 0032 0E94 0000 		call transmitByte
  66               	.LM7:
  67 0036 80E0      		ldi r24,lo8(.LC0)
  68 0038 90E0      		ldi r25,hi8(.LC0)
  69 003a 0E94 0000 		call printString
  70               	/* epilogue start */
  71               	.LM8:
  72 003e FF91      		pop r31
  73 0040 EF91      		pop r30
  74 0042 BF91      		pop r27
  75 0044 AF91      		pop r26
  76 0046 9F91      		pop r25
  77 0048 8F91      		pop r24
  78 004a 7F91      		pop r23
  79 004c 6F91      		pop r22
  80 004e 5F91      		pop r21
  81 0050 4F91      		pop r20
  82 0052 3F91      		pop r19
  83 0054 2F91      		pop r18
  84 0056 0F90      		pop r0
  85 0058 0FBE      		out __SREG__,r0
  86 005a 0F90      		pop r0
  87 005c 1F90      		pop __zero_reg__
  88 005e 1895      		reti
  89               	.LFE6:
 123               	.Letext0:
DEFINED SYMBOLS
                            *ABS*:00000000 MedCon_Support.c
C:\Users\Jadonis\AppData\Local\Temp/ccgq4baW.s:2      *ABS*:0000003f __SREG__
C:\Users\Jadonis\AppData\Local\Temp/ccgq4baW.s:3      *ABS*:0000003e __SP_H__
C:\Users\Jadonis\AppData\Local\Temp/ccgq4baW.s:4      *ABS*:0000003d __SP_L__
C:\Users\Jadonis\AppData\Local\Temp/ccgq4baW.s:5      *ABS*:00000034 __CCP__
C:\Users\Jadonis\AppData\Local\Temp/ccgq4baW.s:6      *ABS*:00000000 __tmp_reg__
C:\Users\Jadonis\AppData\Local\Temp/ccgq4baW.s:7      *ABS*:00000001 __zero_reg__
C:\Users\Jadonis\AppData\Local\Temp/ccgq4baW.s:18     .text:00000000 initClock
C:\Users\Jadonis\AppData\Local\Temp/ccgq4baW.s:41     .text:0000000c __vector_18

UNDEFINED SYMBOLS
receiveByte
transmitByte
printString
__do_copy_data
