Archive member included because of file (symbol)

g:/projects/winavr-20100110/bin/../lib/gcc/avr/4.8.1/avr35\libgcc.a(_udivmodqi4.o)
                              USART.o (__udivmodqi4)
g:/projects/winavr-20100110/bin/../lib/gcc/avr/4.8.1/avr35\libgcc.a(_exit.o)
                              g:/projects/winavr-20100110/bin/../lib/gcc/avr/4.8.1/../../../../avr/lib/avr35/crtm32u2.o (exit)
g:/projects/winavr-20100110/bin/../lib/gcc/avr/4.8.1/avr35\libgcc.a(_copy_data.o)
                              MedCon.o (__do_copy_data)

Memory Configuration

Name             Origin             Length             Attributes
text             0x00000000         0x00010000         xr
data             0x00800060         0x0000ffa0         rw !x
eeprom           0x00810000         0x00010000         rw !x
fuse             0x00820000         0x00000400         rw !x
lock             0x00830000         0x00000400         rw !x
signature        0x00840000         0x00000400         rw !x
user_signatures  0x00850000         0x00000400         rw !x
*default*        0x00000000         0xffffffff

Linker script and memory map

Address of section .data set to 0x800100
LOAD g:/projects/winavr-20100110/bin/../lib/gcc/avr/4.8.1/../../../../avr/lib/avr35/crtm32u2.o
LOAD MedCon.o
LOAD USART.o
LOAD MedCon_Support.o
LOAD g:/projects/winavr-20100110/bin/../lib/gcc/avr/4.8.1/../../../../avr/lib/avr35\libm.a
START GROUP
LOAD g:/projects/winavr-20100110/bin/../lib/gcc/avr/4.8.1/avr35\libgcc.a
LOAD g:/projects/winavr-20100110/bin/../lib/gcc/avr/4.8.1/../../../../avr/lib/avr35\libm.a
LOAD g:/projects/winavr-20100110/bin/../lib/gcc/avr/4.8.1/../../../../avr/lib/avr35\libc.a
END GROUP

.hash
 *(.hash)

.dynsym
 *(.dynsym)

.dynstr
 *(.dynstr)

.gnu.version
 *(.gnu.version)

.gnu.version_d
 *(.gnu.version_d)

.gnu.version_r
 *(.gnu.version_r)

.rel.init
 *(.rel.init)

.rela.init
 *(.rela.init)

.rel.text
 *(.rel.text)
 *(.rel.text.*)
 *(.rel.gnu.linkonce.t*)

.rela.text
 *(.rela.text)
 *(.rela.text.*)
 *(.rela.gnu.linkonce.t*)

.rel.fini
 *(.rel.fini)

.rela.fini
 *(.rela.fini)

.rel.rodata
 *(.rel.rodata)
 *(.rel.rodata.*)
 *(.rel.gnu.linkonce.r*)

.rela.rodata
 *(.rela.rodata)
 *(.rela.rodata.*)
 *(.rela.gnu.linkonce.r*)

.rel.data
 *(.rel.data)
 *(.rel.data.*)
 *(.rel.gnu.linkonce.d*)

.rela.data
 *(.rela.data)
 *(.rela.data.*)
 *(.rela.gnu.linkonce.d*)

.rel.ctors
 *(.rel.ctors)

.rela.ctors
 *(.rela.ctors)

.rel.dtors
 *(.rel.dtors)

.rela.dtors
 *(.rela.dtors)

.rel.got
 *(.rel.got)

.rela.got
 *(.rela.got)

.rel.bss
 *(.rel.bss)

.rela.bss
 *(.rela.bss)

.rel.plt
 *(.rel.plt)

.rela.plt
 *(.rela.plt)

.text           0x00000000      0x1ee
 *(.vectors)
 .vectors       0x00000000       0x74 g:/projects/winavr-20100110/bin/../lib/gcc/avr/4.8.1/../../../../avr/lib/avr35/crtm32u2.o
                0x00000000                __vector_default
                0x00000000                __vectors
 *(.vectors)
 *(.progmem.gcc*)
                0x00000074                . = ALIGN (0x2)
                0x00000074                __trampolines_start = .
 *(.trampolines)
 .trampolines   0x00000074        0x0 linker stubs
 *(.trampolines*)
                0x00000074                __trampolines_end = .
 *(.progmem*)
                0x00000074                . = ALIGN (0x2)
 *(.jumptables)
 *(.jumptables*)
 *(.lowtext)
 *(.lowtext*)
                0x00000074                __ctors_start = .
 *(.ctors)
                0x00000074                __ctors_end = .
                0x00000074                __dtors_start = .
 *(.dtors)
                0x00000074                __dtors_end = .
 SORT(*)(.ctors)
 SORT(*)(.dtors)
 *(.init0)
 .init0         0x00000074        0x0 g:/projects/winavr-20100110/bin/../lib/gcc/avr/4.8.1/../../../../avr/lib/avr35/crtm32u2.o
                0x00000074                __init
 *(.init0)
 *(.init1)
 *(.init1)
 *(.init2)
 .init2         0x00000074        0xc g:/projects/winavr-20100110/bin/../lib/gcc/avr/4.8.1/../../../../avr/lib/avr35/crtm32u2.o
 *(.init2)
 *(.init3)
 *(.init3)
 *(.init4)
 .init4         0x00000080       0x16 g:/projects/winavr-20100110/bin/../lib/gcc/avr/4.8.1/avr35\libgcc.a(_copy_data.o)
                0x00000080                __do_copy_data
 *(.init4)
 *(.init5)
 *(.init5)
 *(.init6)
 *(.init6)
 *(.init7)
 *(.init7)
 *(.init8)
 *(.init8)
 *(.init9)
 .init9         0x00000096        0x8 g:/projects/winavr-20100110/bin/../lib/gcc/avr/4.8.1/../../../../avr/lib/avr35/crtm32u2.o
 *(.init9)
 *(.text)
 .text          0x0000009e        0x4 g:/projects/winavr-20100110/bin/../lib/gcc/avr/4.8.1/../../../../avr/lib/avr35/crtm32u2.o
                0x0000009e                __vector_22
                0x0000009e                __vector_28
                0x0000009e                __vector_1
                0x0000009e                __vector_24
                0x0000009e                __vector_12
                0x0000009e                __bad_interrupt
                0x0000009e                __vector_6
                0x0000009e                __vector_3
                0x0000009e                __vector_25
                0x0000009e                __vector_11
                0x0000009e                __vector_13
                0x0000009e                __vector_17
                0x0000009e                __vector_19
                0x0000009e                __vector_7
                0x0000009e                __vector_27
                0x0000009e                __vector_5
                0x0000009e                __vector_4
                0x0000009e                __vector_9
                0x0000009e                __vector_2
                0x0000009e                __vector_21
                0x0000009e                __vector_15
                0x0000009e                __vector_8
                0x0000009e                __vector_26
                0x0000009e                __vector_14
                0x0000009e                __vector_10
                0x0000009e                __vector_16
                0x0000009e                __vector_18
                0x0000009e                __vector_20
 .text          0x000000a2        0x0 MedCon.o
 .text          0x000000a2       0xa0 USART.o
                0x000000a2                initUSART
                0x000000c4                receiveByte
                0x000000d2                transmitByte
                0x000000e0                printString
                0x00000106                printByte
 .text          0x00000142       0x60 MedCon_Support.o
                0x00000142                __vector_23
                0x00000196                initClock
 .text          0x000001a2        0x0 g:/projects/winavr-20100110/bin/../lib/gcc/avr/4.8.1/avr35\libgcc.a(_udivmodqi4.o)
 .text          0x000001a2        0x0 g:/projects/winavr-20100110/bin/../lib/gcc/avr/4.8.1/avr35\libgcc.a(_exit.o)
 .text          0x000001a2        0x0 g:/projects/winavr-20100110/bin/../lib/gcc/avr/4.8.1/avr35\libgcc.a(_copy_data.o)
                0x000001a2                . = ALIGN (0x2)
 *(.text.*)
 .text.startup  0x000001a2       0x30 MedCon.o
                0x000001a2                main
 .text.libgcc.mul
                0x000001d2        0x0 g:/projects/winavr-20100110/bin/../lib/gcc/avr/4.8.1/avr35\libgcc.a(_udivmodqi4.o)
 .text.libgcc.div
                0x000001d2       0x18 g:/projects/winavr-20100110/bin/../lib/gcc/avr/4.8.1/avr35\libgcc.a(_udivmodqi4.o)
                0x000001d2                __udivmodqi4
 .text.libgcc   0x000001ea        0x0 g:/projects/winavr-20100110/bin/../lib/gcc/avr/4.8.1/avr35\libgcc.a(_udivmodqi4.o)
 .text.libgcc.prologue
                0x000001ea        0x0 g:/projects/winavr-20100110/bin/../lib/gcc/avr/4.8.1/avr35\libgcc.a(_udivmodqi4.o)
 .text.libgcc.builtins
                0x000001ea        0x0 g:/projects/winavr-20100110/bin/../lib/gcc/avr/4.8.1/avr35\libgcc.a(_udivmodqi4.o)
 .text.libgcc.fmul
                0x000001ea        0x0 g:/projects/winavr-20100110/bin/../lib/gcc/avr/4.8.1/avr35\libgcc.a(_udivmodqi4.o)
 .text.libgcc.fixed
                0x000001ea        0x0 g:/projects/winavr-20100110/bin/../lib/gcc/avr/4.8.1/avr35\libgcc.a(_udivmodqi4.o)
 .text.libgcc.mul
                0x000001ea        0x0 g:/projects/winavr-20100110/bin/../lib/gcc/avr/4.8.1/avr35\libgcc.a(_exit.o)
 .text.libgcc.div
                0x000001ea        0x0 g:/projects/winavr-20100110/bin/../lib/gcc/avr/4.8.1/avr35\libgcc.a(_exit.o)
 .text.libgcc   0x000001ea        0x0 g:/projects/winavr-20100110/bin/../lib/gcc/avr/4.8.1/avr35\libgcc.a(_exit.o)
 .text.libgcc.prologue
                0x000001ea        0x0 g:/projects/winavr-20100110/bin/../lib/gcc/avr/4.8.1/avr35\libgcc.a(_exit.o)
 .text.libgcc.builtins
                0x000001ea        0x0 g:/projects/winavr-20100110/bin/../lib/gcc/avr/4.8.1/avr35\libgcc.a(_exit.o)
 .text.libgcc.fmul
                0x000001ea        0x0 g:/projects/winavr-20100110/bin/../lib/gcc/avr/4.8.1/avr35\libgcc.a(_exit.o)
 .text.libgcc.fixed
                0x000001ea        0x0 g:/projects/winavr-20100110/bin/../lib/gcc/avr/4.8.1/avr35\libgcc.a(_exit.o)
 .text.libgcc.mul
                0x000001ea        0x0 g:/projects/winavr-20100110/bin/../lib/gcc/avr/4.8.1/avr35\libgcc.a(_copy_data.o)
 .text.libgcc.div
                0x000001ea        0x0 g:/projects/winavr-20100110/bin/../lib/gcc/avr/4.8.1/avr35\libgcc.a(_copy_data.o)
 .text.libgcc   0x000001ea        0x0 g:/projects/winavr-20100110/bin/../lib/gcc/avr/4.8.1/avr35\libgcc.a(_copy_data.o)
 .text.libgcc.prologue
                0x000001ea        0x0 g:/projects/winavr-20100110/bin/../lib/gcc/avr/4.8.1/avr35\libgcc.a(_copy_data.o)
 .text.libgcc.builtins
                0x000001ea        0x0 g:/projects/winavr-20100110/bin/../lib/gcc/avr/4.8.1/avr35\libgcc.a(_copy_data.o)
 .text.libgcc.fmul
                0x000001ea        0x0 g:/projects/winavr-20100110/bin/../lib/gcc/avr/4.8.1/avr35\libgcc.a(_copy_data.o)
 .text.libgcc.fixed
                0x000001ea        0x0 g:/projects/winavr-20100110/bin/../lib/gcc/avr/4.8.1/avr35\libgcc.a(_copy_data.o)
                0x000001ea                . = ALIGN (0x2)
 *(.fini9)
 .fini9         0x000001ea        0x0 g:/projects/winavr-20100110/bin/../lib/gcc/avr/4.8.1/avr35\libgcc.a(_exit.o)
                0x000001ea                _exit
                0x000001ea                exit
 *(.fini9)
 *(.fini8)
 *(.fini8)
 *(.fini7)
 *(.fini7)
 *(.fini6)
 *(.fini6)
 *(.fini5)
 *(.fini5)
 *(.fini4)
 *(.fini4)
 *(.fini3)
 *(.fini3)
 *(.fini2)
 *(.fini2)
 *(.fini1)
 *(.fini1)
 *(.fini0)
 .fini0         0x000001ea        0x4 g:/projects/winavr-20100110/bin/../lib/gcc/avr/4.8.1/avr35\libgcc.a(_exit.o)
 *(.fini0)
                0x000001ee                _etext = .

.data           0x00800100       0x1a load address 0x000001ee
                0x00800100                PROVIDE (__data_start, .)
 *(.data)
 .data          0x00800100        0x0 g:/projects/winavr-20100110/bin/../lib/gcc/avr/4.8.1/../../../../avr/lib/avr35/crtm32u2.o
 .data          0x00800100        0x0 MedCon.o
 .data          0x00800100        0x0 USART.o
 .data          0x00800100        0x0 MedCon_Support.o
 .data          0x00800100        0x0 g:/projects/winavr-20100110/bin/../lib/gcc/avr/4.8.1/avr35\libgcc.a(_udivmodqi4.o)
 .data          0x00800100        0x0 g:/projects/winavr-20100110/bin/../lib/gcc/avr/4.8.1/avr35\libgcc.a(_exit.o)
 .data          0x00800100        0x0 g:/projects/winavr-20100110/bin/../lib/gcc/avr/4.8.1/avr35\libgcc.a(_copy_data.o)
 *(.data*)
 *(.rodata)
 *(.rodata*)
 .rodata.str1.1
                0x00800100       0x10 MedCon.o
 .rodata.str1.1
                0x00800110        0x9 MedCon_Support.o
 *(.gnu.linkonce.d*)
                0x0080011a                . = ALIGN (0x2)
 *fill*         0x00800119        0x1 
                0x0080011a                _edata = .
                0x0080011a                PROVIDE (__data_end, .)

.bss            0x0080011a        0x0
                0x0080011a                PROVIDE (__bss_start, .)
 *(.bss)
 .bss           0x0080011a        0x0 g:/projects/winavr-20100110/bin/../lib/gcc/avr/4.8.1/../../../../avr/lib/avr35/crtm32u2.o
 .bss           0x0080011a        0x0 MedCon.o
 .bss           0x0080011a        0x0 USART.o
 .bss           0x0080011a        0x0 MedCon_Support.o
 .bss           0x0080011a        0x0 g:/projects/winavr-20100110/bin/../lib/gcc/avr/4.8.1/avr35\libgcc.a(_udivmodqi4.o)
 .bss           0x0080011a        0x0 g:/projects/winavr-20100110/bin/../lib/gcc/avr/4.8.1/avr35\libgcc.a(_exit.o)
 .bss           0x0080011a        0x0 g:/projects/winavr-20100110/bin/../lib/gcc/avr/4.8.1/avr35\libgcc.a(_copy_data.o)
 *(.bss*)
 *(COMMON)
                0x0080011a                PROVIDE (__bss_end, .)
                0x000001ee                __data_load_start = LOADADDR (.data)
                0x00000208                __data_load_end = (__data_load_start + SIZEOF (.data))

.noinit         0x0080011a        0x0
                0x0080011a                PROVIDE (__noinit_start, .)
 *(.noinit*)
                0x0080011a                PROVIDE (__noinit_end, .)
                0x0080011a                _end = .
                0x0080011a                PROVIDE (__heap_start, .)

.eeprom         0x00810000        0x0
 *(.eeprom*)
                0x00810000                __eeprom_end = .

.fuse
 *(.fuse)
 *(.lfuse)
 *(.hfuse)
 *(.efuse)

.lock
 *(.lock*)

.signature
 *(.signature*)

.user_signatures
 *(.user_signatures*)

.stab
 *(.stab)

.stabstr
 *(.stabstr)

.stab.excl
 *(.stab.excl)

.stab.exclstr
 *(.stab.exclstr)

.stab.index
 *(.stab.index)

.stab.indexstr
 *(.stab.indexstr)

.comment        0x00000000       0x30
 *(.comment)
 .comment       0x00000000       0x30 MedCon.o
                                 0x31 (size before relaxing)
 .comment       0x00000000       0x31 USART.o
 .comment       0x00000000       0x31 MedCon_Support.o

.note.gnu.build-id
 *(.note.gnu.build-id)

.debug
 *(.debug)

.line
 *(.line)

.debug_srcinfo
 *(.debug_srcinfo)

.debug_sfnames
 *(.debug_sfnames)

.debug_aranges  0x00000000       0x60
 *(.debug_aranges)
 .debug_aranges
                0x00000000       0x20 MedCon.o
 .debug_aranges
                0x00000020       0x20 USART.o
 .debug_aranges
                0x00000040       0x20 MedCon_Support.o

.debug_pubnames
 *(.debug_pubnames)

.debug_info     0x00000000      0x3f1
 *(.debug_info .gnu.linkonce.wi.*)
 .debug_info    0x00000000      0x176 MedCon.o
 .debug_info    0x00000176      0x16f USART.o
 .debug_info    0x000002e5      0x10c MedCon_Support.o

.debug_abbrev   0x00000000      0x30f
 *(.debug_abbrev)
 .debug_abbrev  0x00000000      0x123 MedCon.o
 .debug_abbrev  0x00000123      0x124 USART.o
 .debug_abbrev  0x00000247       0xc8 MedCon_Support.o

.debug_line     0x00000000      0x1ef
 *(.debug_line .debug_line.* .debug_line_end)
 .debug_line    0x00000000       0xd9 MedCon.o
 .debug_line    0x000000d9       0x93 USART.o
 .debug_line    0x0000016c       0x83 MedCon_Support.o

.debug_frame    0x00000000      0x12c
 *(.debug_frame)
 .debug_frame   0x00000000       0x24 MedCon.o
 .debug_frame   0x00000024       0x80 USART.o
 .debug_frame   0x000000a4       0x88 MedCon_Support.o

.debug_str      0x00000000      0x1e7
 *(.debug_str)
 .debug_str     0x00000000      0x18e MedCon.o
                                0x1c7 (size before relaxing)
 .debug_str     0x0000018e       0x3c USART.o
                                0x1a0 (size before relaxing)
 .debug_str     0x000001ca       0x1d MedCon_Support.o
                                0x19a (size before relaxing)

.debug_loc      0x00000000      0x1aa
 *(.debug_loc)
 .debug_loc     0x00000000       0xdf USART.o
 .debug_loc     0x000000df       0xcb MedCon_Support.o

.debug_macinfo
 *(.debug_macinfo)

.debug_weaknames
 *(.debug_weaknames)

.debug_funcnames
 *(.debug_funcnames)

.debug_typenames
 *(.debug_typenames)

.debug_varnames
 *(.debug_varnames)

.debug_pubtypes
 *(.debug_pubtypes)

.debug_ranges   0x00000000       0x10
 *(.debug_ranges)
 .debug_ranges  0x00000000       0x10 MedCon.o

.debug_macro
 *(.debug_macro)
OUTPUT(MedCon.elf elf32-avr)
LOAD linker stubs

Cross Reference Table

Symbol                                            File
__bad_interrupt                                   g:/projects/winavr-20100110/bin/../lib/gcc/avr/4.8.1/../../../../avr/lib/avr35/crtm32u2.o
__data_end                                        g:/projects/winavr-20100110/bin/../lib/gcc/avr/4.8.1/avr35\libgcc.a(_copy_data.o)
__data_load_start                                 g:/projects/winavr-20100110/bin/../lib/gcc/avr/4.8.1/avr35\libgcc.a(_copy_data.o)
__data_start                                      g:/projects/winavr-20100110/bin/../lib/gcc/avr/4.8.1/avr35\libgcc.a(_copy_data.o)
__do_copy_data                                    g:/projects/winavr-20100110/bin/../lib/gcc/avr/4.8.1/avr35\libgcc.a(_copy_data.o)
                                                  MedCon_Support.o
                                                  MedCon.o
__heap_end                                        g:/projects/winavr-20100110/bin/../lib/gcc/avr/4.8.1/../../../../avr/lib/avr35/crtm32u2.o
__init                                            g:/projects/winavr-20100110/bin/../lib/gcc/avr/4.8.1/../../../../avr/lib/avr35/crtm32u2.o
__stack                                           g:/projects/winavr-20100110/bin/../lib/gcc/avr/4.8.1/../../../../avr/lib/avr35/crtm32u2.o
__udivmodqi4                                      g:/projects/winavr-20100110/bin/../lib/gcc/avr/4.8.1/avr35\libgcc.a(_udivmodqi4.o)
                                                  USART.o
__vector_1                                        g:/projects/winavr-20100110/bin/../lib/gcc/avr/4.8.1/../../../../avr/lib/avr35/crtm32u2.o
__vector_10                                       g:/projects/winavr-20100110/bin/../lib/gcc/avr/4.8.1/../../../../avr/lib/avr35/crtm32u2.o
__vector_11                                       g:/projects/winavr-20100110/bin/../lib/gcc/avr/4.8.1/../../../../avr/lib/avr35/crtm32u2.o
__vector_12                                       g:/projects/winavr-20100110/bin/../lib/gcc/avr/4.8.1/../../../../avr/lib/avr35/crtm32u2.o
__vector_13                                       g:/projects/winavr-20100110/bin/../lib/gcc/avr/4.8.1/../../../../avr/lib/avr35/crtm32u2.o
__vector_14                                       g:/projects/winavr-20100110/bin/../lib/gcc/avr/4.8.1/../../../../avr/lib/avr35/crtm32u2.o
__vector_15                                       g:/projects/winavr-20100110/bin/../lib/gcc/avr/4.8.1/../../../../avr/lib/avr35/crtm32u2.o
__vector_16                                       g:/projects/winavr-20100110/bin/../lib/gcc/avr/4.8.1/../../../../avr/lib/avr35/crtm32u2.o
__vector_17                                       g:/projects/winavr-20100110/bin/../lib/gcc/avr/4.8.1/../../../../avr/lib/avr35/crtm32u2.o
__vector_18                                       g:/projects/winavr-20100110/bin/../lib/gcc/avr/4.8.1/../../../../avr/lib/avr35/crtm32u2.o
__vector_19                                       g:/projects/winavr-20100110/bin/../lib/gcc/avr/4.8.1/../../../../avr/lib/avr35/crtm32u2.o
__vector_2                                        g:/projects/winavr-20100110/bin/../lib/gcc/avr/4.8.1/../../../../avr/lib/avr35/crtm32u2.o
__vector_20                                       g:/projects/winavr-20100110/bin/../lib/gcc/avr/4.8.1/../../../../avr/lib/avr35/crtm32u2.o
__vector_21                                       g:/projects/winavr-20100110/bin/../lib/gcc/avr/4.8.1/../../../../avr/lib/avr35/crtm32u2.o
__vector_22                                       g:/projects/winavr-20100110/bin/../lib/gcc/avr/4.8.1/../../../../avr/lib/avr35/crtm32u2.o
__vector_23                                       MedCon_Support.o
                                                  g:/projects/winavr-20100110/bin/../lib/gcc/avr/4.8.1/../../../../avr/lib/avr35/crtm32u2.o
__vector_24                                       g:/projects/winavr-20100110/bin/../lib/gcc/avr/4.8.1/../../../../avr/lib/avr35/crtm32u2.o
__vector_25                                       g:/projects/winavr-20100110/bin/../lib/gcc/avr/4.8.1/../../../../avr/lib/avr35/crtm32u2.o
__vector_26                                       g:/projects/winavr-20100110/bin/../lib/gcc/avr/4.8.1/../../../../avr/lib/avr35/crtm32u2.o
__vector_27                                       g:/projects/winavr-20100110/bin/../lib/gcc/avr/4.8.1/../../../../avr/lib/avr35/crtm32u2.o
__vector_28                                       g:/projects/winavr-20100110/bin/../lib/gcc/avr/4.8.1/../../../../avr/lib/avr35/crtm32u2.o
__vector_3                                        g:/projects/winavr-20100110/bin/../lib/gcc/avr/4.8.1/../../../../avr/lib/avr35/crtm32u2.o
__vector_4                                        g:/projects/winavr-20100110/bin/../lib/gcc/avr/4.8.1/../../../../avr/lib/avr35/crtm32u2.o
__vector_5                                        g:/projects/winavr-20100110/bin/../lib/gcc/avr/4.8.1/../../../../avr/lib/avr35/crtm32u2.o
__vector_6                                        g:/projects/winavr-20100110/bin/../lib/gcc/avr/4.8.1/../../../../avr/lib/avr35/crtm32u2.o
__vector_7                                        g:/projects/winavr-20100110/bin/../lib/gcc/avr/4.8.1/../../../../avr/lib/avr35/crtm32u2.o
__vector_8                                        g:/projects/winavr-20100110/bin/../lib/gcc/avr/4.8.1/../../../../avr/lib/avr35/crtm32u2.o
__vector_9                                        g:/projects/winavr-20100110/bin/../lib/gcc/avr/4.8.1/../../../../avr/lib/avr35/crtm32u2.o
__vector_default                                  g:/projects/winavr-20100110/bin/../lib/gcc/avr/4.8.1/../../../../avr/lib/avr35/crtm32u2.o
__vectors                                         g:/projects/winavr-20100110/bin/../lib/gcc/avr/4.8.1/../../../../avr/lib/avr35/crtm32u2.o
_exit                                             g:/projects/winavr-20100110/bin/../lib/gcc/avr/4.8.1/avr35\libgcc.a(_exit.o)
exit                                              g:/projects/winavr-20100110/bin/../lib/gcc/avr/4.8.1/avr35\libgcc.a(_exit.o)
                                                  g:/projects/winavr-20100110/bin/../lib/gcc/avr/4.8.1/../../../../avr/lib/avr35/crtm32u2.o
initClock                                         MedCon_Support.o
                                                  MedCon.o
initUSART                                         USART.o
                                                  MedCon.o
main                                              MedCon.o
                                                  g:/projects/winavr-20100110/bin/../lib/gcc/avr/4.8.1/../../../../avr/lib/avr35/crtm32u2.o
printByte                                         USART.o
printString                                       USART.o
                                                  MedCon_Support.o
                                                  MedCon.o
receiveByte                                       USART.o
                                                  MedCon_Support.o
transmitByte                                      USART.o
                                                  MedCon_Support.o
